.F...................................................................... [  5%]
..........FF....FFFFFFFF....FF.......................................... [ 11%]
........................................................................ [ 17%]
........................................................................ [ 23%]
........................................................................ [ 29%]
..............F..F...................................................... [ 35%]
..F..................................................................... [ 41%]
.......................FF............................................... [ 47%]
........................................................................ [ 53%]
..........................................................F............. [ 59%]
...............................................s................F....... [ 65%]
........................................................................ [ 71%]
........................................................................ [ 77%]
.........FFFFFFFFFFF............FFF..................................... [ 83%]
.....FF............................................F.........FF...FFFFF. [ 89%]
....................................F................................... [ 95%]
.....................F.F..FF.F...FFF................                     [100%]
================================== FAILURES ===================================
_________________ test_e2e_html_502_error_surfaces_to_dialog __________________
tests\e2e\test_openclaw_key_paths.py:157: in test_e2e_html_502_error_surfaces_to_dialog
    out = await loop._process_message(
src\agent\loop.py:550: in _process_message
    ctx = await self._build_turn_context(msg, session_key, reply_language, trajectory_id)
src\agent\loop_mixins\process_message.py:125: in _build_turn_context
    max_tool_calls_per_turn, max_parallel_tool_calls = self._get_tool_governance_limits()
E   AttributeError: 'AgentLoop' object has no attribute '_get_tool_governance_limits'
___________ test_channel_tools_show_command_returns_runtime_status ____________
tests\test_agent_loop_channel_commands.py:330: in test_channel_tools_show_command_returns_runtime_status
    out = await loop._process_message(
src\agent\loop.py:525: in _process_message
    return await self._handle_channel_command_impl(msg, session_key, parsed_command)
src\agent\loop_mixins\process_message.py:734: in _handle_channel_command_impl
    command_reply = self._execute_channel_command(
src\agent\loop_mixins\channel_commands.py:538: in _execute_channel_command
    result = self.channel_command_registry.execute(command=cmd, args=args, context=msg)
src\agent\channel_command_registry.py:101: in execute
    return entry.handler(args, context)
src\agent\loop_mixins\channel_commands.py:386: in _handle_command_tools
    return self._build_tools_status_text(msg=msg)
src\agent\loop_mixins\channel_commands.py:189: in _build_tools_status_text
    max_calls, max_parallel = self._get_tool_governance_limits()
E   AttributeError: 'AgentLoop' object has no attribute '_get_tool_governance_limits'
__________ test_channel_policy_show_command_returns_policy_snapshot ___________
tests\test_agent_loop_channel_commands.py:362: in test_channel_policy_show_command_returns_policy_snapshot
    assert "effective_max_tier=standard" in out.content
E   AssertionError: assert 'effective_max_tier=standard' in '当前策略状态:\n- role=普通用户\n- sender_is_owner=False\n- allow_names=[]\n- deny_names=[]\n- allow_providers=[]\n- deny_provid...]\n- tool_call_hooks.blocked_loop_calls=0\n- release_gate.blocked=True\n- release_gate.reason=workflow_health_critical'
E    +  where '当前策略状态:\n- role=普通用户\n- sender_is_owner=False\n- allow_names=[]\n- deny_names=[]\n- allow_providers=[]\n- deny_provid...]\n- tool_call_hooks.blocked_loop_calls=0\n- release_gate.blocked=True\n- release_gate.reason=workflow_health_critical' = OutboundMessage(channel='discord', chat_id='c11', content='当前策略状态:\n- role=普通用户\n- sender_is_owner=False\n- allow_name....blocked=True\n- release_gate.reason=workflow_health_critical', reply_to=None, media=[], metadata={}, is_partial=False).content
____ test_agent_loop_injects_inbound_metadata_note_and_records_trajectory _____
tests\test_agent_loop_inbound_metadata.py:108: in test_agent_loop_injects_inbound_metadata_note_and_records_trajectory
    out = await loop._process_message(msg)
src\agent\loop.py:550: in _process_message
    ctx = await self._build_turn_context(msg, session_key, reply_language, trajectory_id)
src\agent\loop_mixins\process_message.py:125: in _build_turn_context
    max_tool_calls_per_turn, max_parallel_tool_calls = self._get_tool_governance_limits()
E   AttributeError: 'AgentLoop' object has no attribute '_get_tool_governance_limits'
_________ test_agent_loop_builds_final_response_after_iteration_limit _________
tests\test_agent_loop_iteration_finalize.py:158: in test_agent_loop_builds_final_response_after_iteration_limit
    out = await loop._process_message(
src\agent\loop.py:550: in _process_message
    ctx = await self._build_turn_context(msg, session_key, reply_language, trajectory_id)
src\agent\loop_mixins\process_message.py:125: in _build_turn_context
    max_tool_calls_per_turn, max_parallel_tool_calls = self._get_tool_governance_limits()
E   AttributeError: 'AgentLoop' object has no attribute '_get_tool_governance_limits'
__________ test_agent_loop_blocks_when_tool_calls_exceed_turn_limit ___________
tests\test_agent_loop_iteration_finalize.py:208: in test_agent_loop_blocks_when_tool_calls_exceed_turn_limit
    out = await loop._process_message(
src\agent\loop.py:550: in _process_message
    ctx = await self._build_turn_context(msg, session_key, reply_language, trajectory_id)
src\agent\loop_mixins\process_message.py:125: in _build_turn_context
    max_tool_calls_per_turn, max_parallel_tool_calls = self._get_tool_governance_limits()
E   AttributeError: 'AgentLoop' object has no attribute '_get_tool_governance_limits'
________ test_agent_loop_parallel_tool_execution_respects_config_limit ________
tests\test_agent_loop_iteration_finalize.py:262: in test_agent_loop_parallel_tool_execution_respects_config_limit
    out = await loop._process_message(
src\agent\loop.py:550: in _process_message
    ctx = await self._build_turn_context(msg, session_key, reply_language, trajectory_id)
src\agent\loop_mixins\process_message.py:125: in _build_turn_context
    max_tool_calls_per_turn, max_parallel_tool_calls = self._get_tool_governance_limits()
E   AttributeError: 'AgentLoop' object has no attribute '_get_tool_governance_limits'
__________ test_agent_loop_llm_error_uses_chinese_for_chinese_input ___________
tests\test_agent_loop_language_policy.py:81: in test_agent_loop_llm_error_uses_chinese_for_chinese_input
    out = await loop._process_message(
src\agent\loop.py:550: in _process_message
    ctx = await self._build_turn_context(msg, session_key, reply_language, trajectory_id)
src\agent\loop_mixins\process_message.py:125: in _build_turn_context
    max_tool_calls_per_turn, max_parallel_tool_calls = self._get_tool_governance_limits()
E   AttributeError: 'AgentLoop' object has no attribute '_get_tool_governance_limits'
__________ test_agent_loop_llm_error_uses_english_for_english_input ___________
tests\test_agent_loop_language_policy.py:91: in test_agent_loop_llm_error_uses_english_for_english_input
    out = await loop._process_message(
src\agent\loop.py:550: in _process_message
    ctx = await self._build_turn_context(msg, session_key, reply_language, trajectory_id)
src\agent\loop_mixins\process_message.py:125: in _build_turn_context
    max_tool_calls_per_turn, max_parallel_tool_calls = self._get_tool_governance_limits()
E   AttributeError: 'AgentLoop' object has no attribute '_get_tool_governance_limits'
______________ test_agent_loop_persona_runtime_guard_can_rewrite ______________
tests\test_agent_loop_language_policy.py:163: in test_agent_loop_persona_runtime_guard_can_rewrite
    out = await loop._process_message(
src\agent\loop.py:550: in _process_message
    ctx = await self._build_turn_context(msg, session_key, reply_language, trajectory_id)
src\agent\loop_mixins\process_message.py:125: in _build_turn_context
    max_tool_calls_per_turn, max_parallel_tool_calls = self._get_tool_governance_limits()
E   AttributeError: 'AgentLoop' object has no attribute '_get_tool_governance_limits'
_________________ test_agent_loop_persists_turn_via_callback __________________
tests\test_agent_loop_memory_persistence.py:75: in test_agent_loop_persists_turn_via_callback
    out = await loop._process_message(
src\agent\loop.py:550: in _process_message
    ctx = await self._build_turn_context(msg, session_key, reply_language, trajectory_id)
src\agent\loop_mixins\process_message.py:125: in _build_turn_context
    max_tool_calls_per_turn, max_parallel_tool_calls = self._get_tool_governance_limits()
E   AttributeError: 'AgentLoop' object has no attribute '_get_tool_governance_limits'
___ test_get_tool_governance_limits_prefers_provider_agents_max_concurrent ____
tests\test_agent_loop_provider_agents_defaults.py:53: in test_get_tool_governance_limits_prefers_provider_agents_max_concurrent
    turn_limit, parallel_limit = loop._get_tool_governance_limits()
E   AttributeError: 'AgentLoop' object has no attribute '_get_tool_governance_limits'
____ test_get_tool_governance_limits_ignores_invalid_provider_agents_value ____
tests\test_agent_loop_provider_agents_defaults.py:92: in test_get_tool_governance_limits_ignores_invalid_provider_agents_value
    turn_limit, parallel_limit = loop._get_tool_governance_limits()
E   AttributeError: 'AgentLoop' object has no attribute '_get_tool_governance_limits'
__________________ test_validate_satellite_node_auth_success __________________
tests\test_device_auth.py:11: in test_validate_satellite_node_auth_success
    assert ok is True
E   assert False is True
___________ test_validate_satellite_node_auth_rejects_invalid_token ___________
tests\test_device_auth.py:32: in test_validate_satellite_node_auth_rejects_invalid_token
    assert "Invalid node token" in message
E   assert 'Invalid node token' in "Node 'sat-03' is not configured for satellite auth."
______________ test_publish_gate_blocks_missing_personality_name ______________
tests\test_evolution.py:182: in test_publish_gate_blocks_missing_personality_name
    assert result["reason"] == "missing_personality_name"
E   AssertionError: assert 'release_gate_blocked' == 'missing_personality_name'
E     
E     - missing_personality_name
E     + release_gate_blocked
_______________ test_golden_path_device_observe_and_screenshot ________________
tests\test_golden_paths.py:155: in test_golden_path_device_observe_and_screenshot
    observed = await registry.execute(
E   TypeError: ToolRegistry.execute() got an unexpected keyword argument 'sender_is_owner'
________ test_golden_path_device_hidden_capability_returns_stable_code ________
tests\test_golden_paths.py:186: in test_golden_path_device_hidden_capability_returns_stable_code
    result = await registry.execute(
E   TypeError: ToolRegistry.execute() got an unexpected keyword argument 'sender_is_owner'
___ test_memory_recall_regression_endpoint_block_mode_updates_release_gate ____
tests\test_memory_recall_regression.py:292: in test_memory_recall_regression_endpoint_block_mode_updates_release_gate
    assert linkage["mode"] == "block"
E   AssertionError: assert 'warn' == 'block'
E     
E     - block
E     + warn
______________ test_admin_api_orchestrator_sleep_wake_endpoints _______________
tests\test_orchestrator_sleep_wake.py:127: in test_admin_api_orchestrator_sleep_wake_endpoints
    status_payload = await admin_api.get_orchestrator_status()
src\tools\admin\debug.py:546: in get_orchestrator_status
    orchestrator = _require_orchestrator()
src\tools\admin\strategy_helpers.py:413: in _require_orchestrator
    raise HTTPException(status_code=503, detail="Orchestrator is not available")
E   fastapi.exceptions.HTTPException: 503: Orchestrator is not available
_____________ test_agent_loop_applies_group_policy_to_definitions _____________
tests\test_security_regressions.py:826: in test_agent_loop_applies_group_policy_to_definitions
    out = await loop._process_message(msg)
src\agent\loop.py:550: in _process_message
    ctx = await self._build_turn_context(msg, session_key, reply_language, trajectory_id)
src\agent\loop_mixins\process_message.py:125: in _build_turn_context
    max_tool_calls_per_turn, max_parallel_tool_calls = self._get_tool_governance_limits()
E   AttributeError: 'AgentLoop' object has no attribute '_get_tool_governance_limits'
__________________ test_agent_loop_records_basic_trajectory ___________________
tests\test_security_regressions.py:860: in test_agent_loop_records_basic_trajectory
    out = await loop._process_message(msg)
src\agent\loop.py:550: in _process_message
    ctx = await self._build_turn_context(msg, session_key, reply_language, trajectory_id)
src\agent\loop_mixins\process_message.py:125: in _build_turn_context
    max_tool_calls_per_turn, max_parallel_tool_calls = self._get_tool_governance_limits()
E   AttributeError: 'AgentLoop' object has no attribute '_get_tool_governance_limits'
______________ test_agent_loop_normalizes_string_tool_arguments _______________
tests\test_security_regressions.py:914: in test_agent_loop_normalizes_string_tool_arguments
    out = await loop._process_message(msg)
src\agent\loop.py:550: in _process_message
    ctx = await self._build_turn_context(msg, session_key, reply_language, trajectory_id)
src\agent\loop_mixins\process_message.py:125: in _build_turn_context
    max_tool_calls_per_turn, max_parallel_tool_calls = self._get_tool_governance_limits()
E   AttributeError: 'AgentLoop' object has no attribute '_get_tool_governance_limits'
__________ test_agent_loop_non_owner_cannot_execute_privileged_tool ___________
tests\test_security_regressions.py:966: in test_agent_loop_non_owner_cannot_execute_privileged_tool
    first = await loop._process_message(
src\agent\loop.py:550: in _process_message
    ctx = await self._build_turn_context(msg, session_key, reply_language, trajectory_id)
src\agent\loop_mixins\process_message.py:125: in _build_turn_context
    max_tool_calls_per_turn, max_parallel_tool_calls = self._get_tool_governance_limits()
E   AttributeError: 'AgentLoop' object has no attribute '_get_tool_governance_limits'
_________ test_agent_loop_parallel_tool_errors_do_not_break_response __________
tests\test_security_regressions.py:1018: in test_agent_loop_parallel_tool_errors_do_not_break_response
    out = await loop._process_message(msg)
src\agent\loop.py:550: in _process_message
    ctx = await self._build_turn_context(msg, session_key, reply_language, trajectory_id)
src\agent\loop_mixins\process_message.py:125: in _build_turn_context
    max_tool_calls_per_turn, max_parallel_tool_calls = self._get_tool_governance_limits()
E   AttributeError: 'AgentLoop' object has no attribute '_get_tool_governance_limits'
___________ test_agent_loop_tool_timeout_returns_error_and_recovers ___________
tests\test_security_regressions.py:1065: in test_agent_loop_tool_timeout_returns_error_and_recovers
    out = await loop._process_message(msg)
src\agent\loop.py:550: in _process_message
    ctx = await self._build_turn_context(msg, session_key, reply_language, trajectory_id)
src\agent\loop_mixins\process_message.py:125: in _build_turn_context
    max_tool_calls_per_turn, max_parallel_tool_calls = self._get_tool_governance_limits()
E   AttributeError: 'AgentLoop' object has no attribute '_get_tool_governance_limits'
_____________ test_agent_loop_retries_llm_exception_and_recovers ______________
tests\test_security_regressions.py:1103: in test_agent_loop_retries_llm_exception_and_recovers
    out = await loop._process_message(msg)
src\agent\loop.py:550: in _process_message
    ctx = await self._build_turn_context(msg, session_key, reply_language, trajectory_id)
src\agent\loop_mixins\process_message.py:125: in _build_turn_context
    max_tool_calls_per_turn, max_parallel_tool_calls = self._get_tool_governance_limits()
E   AttributeError: 'AgentLoop' object has no attribute '_get_tool_governance_limits'
_____ test_agent_loop_returns_readable_message_when_llm_retries_exhausted _____
tests\test_security_regressions.py:1140: in test_agent_loop_returns_readable_message_when_llm_retries_exhausted
    out = await loop._process_message(msg)
src\agent\loop.py:550: in _process_message
    ctx = await self._build_turn_context(msg, session_key, reply_language, trajectory_id)
src\agent\loop_mixins\process_message.py:125: in _build_turn_context
    max_tool_calls_per_turn, max_parallel_tool_calls = self._get_tool_governance_limits()
E   AttributeError: 'AgentLoop' object has no attribute '_get_tool_governance_limits'
_________________ test_agent_loop_llm_retry_budget_exhausted __________________
tests\test_security_regressions.py:1179: in test_agent_loop_llm_retry_budget_exhausted
    out = await loop._process_message(msg)
src\agent\loop.py:550: in _process_message
    ctx = await self._build_turn_context(msg, session_key, reply_language, trajectory_id)
src\agent\loop_mixins\process_message.py:125: in _build_turn_context
    max_tool_calls_per_turn, max_parallel_tool_calls = self._get_tool_governance_limits()
E   AttributeError: 'AgentLoop' object has no attribute '_get_tool_governance_limits'
_____________ test_agent_loop_release_gate_blocks_standard_tools ______________
tests\test_security_regressions.py:1220: in test_agent_loop_release_gate_blocks_standard_tools
    out = await loop._process_message(msg)
src\agent\loop.py:550: in _process_message
    ctx = await self._build_turn_context(msg, session_key, reply_language, trajectory_id)
src\agent\loop_mixins\process_message.py:125: in _build_turn_context
    max_tool_calls_per_turn, max_parallel_tool_calls = self._get_tool_governance_limits()
E   AttributeError: 'AgentLoop' object has no attribute '_get_tool_governance_limits'
_______________ test_agent_loop_release_gate_allows_safe_tools ________________
tests\test_security_regressions.py:1261: in test_agent_loop_release_gate_allows_safe_tools
    out = await loop._process_message(msg)
src\agent\loop.py:550: in _process_message
    ctx = await self._build_turn_context(msg, session_key, reply_language, trajectory_id)
src\agent\loop_mixins\process_message.py:125: in _build_turn_context
    max_tool_calls_per_turn, max_parallel_tool_calls = self._get_tool_governance_limits()
E   AttributeError: 'AgentLoop' object has no attribute '_get_tool_governance_limits'
_____________________ test_observability_metrics_endpoint _____________________
tests\test_security_regressions.py:1781: in test_observability_metrics_endpoint
    assert payload["tool_governance"]["budget"]["used_calls"] == 2
E   KeyError: 'used_calls'
____________________ test_tool_governance_health_endpoint _____________________
tests\test_security_regressions.py:1801: in test_tool_governance_health_endpoint
    assert payload["tool_governance"]["available"] is True
E   assert False is True
________________ test_tool_governance_slo_endpoint_and_export _________________
tests\test_security_regressions.py:1861: in test_tool_governance_slo_endpoint_and_export
    assert slo["metrics"]["tool_calls"] == 3
E   assert 0 == 3
________________ test_agent_loop_emits_tool_call_stream_events ________________
tests\test_stream_tool_calls.py:133: in test_agent_loop_emits_tool_call_stream_events
    out = await loop._process_message(
src\agent\loop.py:550: in _process_message
    ctx = await self._build_turn_context(msg, session_key, reply_language, trajectory_id)
src\agent\loop_mixins\process_message.py:125: in _build_turn_context
    max_tool_calls_per_turn, max_parallel_tool_calls = self._get_tool_governance_limits()
E   AttributeError: 'AgentLoop' object has no attribute '_get_tool_governance_limits'
________________ test_agent_loop_fake_tool_call_guard_retries _________________
tests\test_stream_tool_calls.py:197: in test_agent_loop_fake_tool_call_guard_retries
    out = await loop._process_message(
src\agent\loop.py:550: in _process_message
    ctx = await self._build_turn_context(msg, session_key, reply_language, trajectory_id)
src\agent\loop_mixins\process_message.py:125: in _build_turn_context
    max_tool_calls_per_turn, max_parallel_tool_calls = self._get_tool_governance_limits()
E   AttributeError: 'AgentLoop' object has no attribute '_get_tool_governance_limits'
_________________ TestTool.test_requires_confirmation_default _________________
tests\test_tool_base.py:85: in test_requires_confirmation_default
    assert tool.requires_confirmation is False
E   AttributeError: 'EchoTool' object has no attribute 'requires_confirmation'
_________________ test_loop_execute_tool_calls_with_batching __________________
tests\test_tool_batching.py:172: in test_loop_execute_tool_calls_with_batching
    results, plan = await loop._execute_tool_calls_with_batching(
src\agent\loop_mixins\tool_execution.py:245: in _execute_tool_calls_with_batching
    batch_results = await self._execute_tools_parallel(
src\agent\loop_mixins\tool_execution.py:286: in _execute_tools_parallel
    lane_limits = self._get_parallel_tool_lane_limits()
E   AttributeError: 'AgentLoop' object has no attribute '_get_parallel_tool_lane_limits'
__________________ test_tool_batching_observability_endpoint __________________
tests\test_tool_batching.py:217: in test_tool_batching_observability_endpoint
    assert observability["available"] is True
E   assert False is True
_______________________ test_tool_call_timeout_retries ________________________
tests\test_tool_call_resilience.py:132: in test_tool_call_timeout_retries
    result = await loop._execute_single_tool_call(
src\agent\loop_mixins\tool_execution.py:63: in _execute_single_tool_call
    gate_block_message = self._check_release_gate_for_tool(
E   AttributeError: 'AgentLoop' object has no attribute '_check_release_gate_for_tool'
___________________ test_tool_call_retry_budget_exhaustion ____________________
tests\test_tool_call_resilience.py:166: in test_tool_call_retry_budget_exhaustion
    result = await loop._execute_single_tool_call(
src\agent\loop_mixins\tool_execution.py:63: in _execute_single_tool_call
    gate_block_message = self._check_release_gate_for_tool(
E   AttributeError: 'AgentLoop' object has no attribute '_check_release_gate_for_tool'
____________ test_tool_call_error_result_appends_recovery_template ____________
tests\test_tool_call_resilience.py:197: in test_tool_call_error_result_appends_recovery_template
    result = await loop._execute_single_tool_call(
src\agent\loop_mixins\tool_execution.py:63: in _execute_single_tool_call
    gate_block_message = self._check_release_gate_for_tool(
E   AttributeError: 'AgentLoop' object has no attribute '_check_release_gate_for_tool'
_____________ test_tool_call_hook_blocks_repeated_identical_calls _____________
tests\test_tool_call_resilience.py:232: in test_tool_call_hook_blocks_repeated_identical_calls
    first = await loop._execute_single_tool_call(
src\agent\loop_mixins\tool_execution.py:63: in _execute_single_tool_call
    gate_block_message = self._check_release_gate_for_tool(
E   AttributeError: 'AgentLoop' object has no attribute '_check_release_gate_for_tool'
________________ test_parallel_tool_lanes_isolate_device_calls ________________
tests\test_tool_call_resilience.py:278: in test_parallel_tool_lanes_isolate_device_calls
    results = await loop._execute_tools_parallel(
src\agent\loop_mixins\tool_execution.py:286: in _execute_tools_parallel
    lane_limits = self._get_parallel_tool_lane_limits()
E   AttributeError: 'AgentLoop' object has no attribute '_get_parallel_tool_lane_limits'
_________ TestToolRegistry.test_execute_injects_nested_access_context _________
tests\test_tool_registry.py:231: in test_execute_injects_nested_access_context
    assert capture_tool.last_kwargs["_access_sender_is_owner"] is not None
E   KeyError: '_access_sender_is_owner'
______________________ test_workflow_graph_crud_and_run _______________________
tests\test_workflow_graph_api.py:70: in test_workflow_graph_crud_and_run
    assert listed["total"] == 1
E   assert 0 == 1
____________________ test_workflow_graph_dag_fanout_merge _____________________
tests\test_workflow_graph_api.py:158: in test_workflow_graph_dag_fanout_merge
    assert result["output"] == "llm:A=hello|llm:B=hello"
E   AssertionError: assert 'A=hello|B=hello' == 'llm:A=hello|llm:B=hello'
E     
E     - llm:A=hello|llm:B=hello
E     ? ----        ----
E     + A=hello|B=hello
______________________ test_workflow_graph_retry_success ______________________
tests\test_workflow_graph_api.py:251: in test_workflow_graph_retry_success
    assert result["status"] == "ok"
E   AssertionError: assert 'error' == 'ok'
E     
E     - ok
E     + error
____________________ test_workflow_graph_timeout_continue _____________________
tests\test_workflow_graph_api.py:297: in test_workflow_graph_timeout_continue
    assert "timeout" in str(tool_step.get("error", "")).lower()
E   AssertionError: assert 'timeout' in 'tool registry unavailable'
E    +  where 'tool registry unavailable' = <built-in method lower of str object at 0x000002070439F910>()
E    +    where <built-in method lower of str object at 0x000002070439F910> = 'Tool registry unavailable'.lower
E    +      where 'Tool registry unavailable' = str('Tool registry unavailable')
pytest : Task was destroyed but it is pending!
At line:1 char:1
+ pytest tests/ -q --tb=short > test_failures.txt 2>&1
+ ~~~~~~~~~~~~~~~~~~~~~~~~~~~~~~~~~~~~~~~~~~~~~~~~~~~~
    + CategoryInfo          : NotSpecified: (Task was destroyed but it is pending!:String 
   ) [], RemoteException
    + FullyQualifiedErrorId : NativeCommandError
 
task: <Task pending name='Task-759' coro=<Queue.get() running at C:\Users\yangfan\AppData\
Local\Programs\Python\Python310\lib\asyncio\queues.py:150> cb=[_release_waiter(<Future pen
di...ask_wakeup()]>)() at C:\Users\yangfan\AppData\Local\Programs\Python\Python310\lib\asy
ncio\tasks.py:387]>
C:\Users\yangfan\AppData\Local\Programs\Python\Python310\lib\site-packages\_pytest\unraisa
bleexception.py:33: RuntimeWarning: coroutine 'Queue.get' was never awaited
  gc.collect()
RuntimeWarning: Enable tracemalloc to get the object allocation traceback
Task was destroyed but it is pending!
task: <Task pending name='Task-758' coro=<MessageBus.dispatch_outbound() running at C:\App
Project\Gazer\src\bus\queue.py:114> wait_for=<Future pending cb=[Task.task_wakeup()]>>
E    +        where 'Tool registry unavailable' = <built-in method get of dict object at 0x0000020731E38900>('error', '')
E    +          where <built-in method get of dict object at 0x0000020731E38900> = {'attempts_total': 1, 'attempts_used': 1, 'duration_ms': 0, 'error': 'Tool registry unavailable', ...}.get
_________________ test_workflow_graph_timeout_fallback_output _________________
tests\test_workflow_graph_api.py:376: in test_workflow_graph_timeout_fallback_output
    assert "FALLBACK:hello:timeout" in result["output"]
E   AssertionError: assert 'FALLBACK:hello:timeout' in 'FALLBACK:hello:Tool registry unavailable'
_________ test_workflow_graph_observability_metrics_include_workflow __________
tests\test_workflow_graph_api.py:491: in test_workflow_graph_observability_metrics_include_workflow
    assert workflow_metrics.get("total_runs", 0) >= 2
E   AssertionError: assert 0 >= 2
E    +  where 0 = <built-in method get of dict object at 0x0000020731E48840>('total_runs', 0)
E    +    where <built-in method get of dict object at 0x0000020731E48840> = {'error_classes': {}, 'failures': 0, 'p95_latency_ms': 0.0, 'p95_node_duration_ms': 0.0, ...}.get
_______________ test_flowise_import_three_common_flows_and_run ________________
tests\test_workflow_graph_api.py:582: in test_flowise_import_three_common_flows_and_run
    assert case["expected"] in run["result"]["output"]
E   AssertionError: assert 'llm:Q=hello' in 'Q=hello yes'
__________________ test_flowise_export_and_import_roundtrip ___________________
tests\test_workflow_graph_api.py:613: in test_flowise_export_and_import_roundtrip
    assert "llm:Q=hello" in run["result"]["output"]
E   AssertionError: assert 'llm:Q=hello' in 'Q=hello'
============================== warnings summary ===============================
..\..\Users\yangfan\AppData\Local\Programs\Python\Python310\lib\site-packages\lark_oapi\ws\client.py:26
  C:\Users\yangfan\AppData\Local\Programs\Python\Python310\lib\site-packages\lark_oapi\ws\client.py:26: DeprecationWarning: There is no current event loop
    loop = asyncio.get_event_loop()

tests/test_agent_pool.py::TestPoolScaling::test_scale_up_on_ready_tasks
  C:\AppProject\Gazer\src\multi_agent\worker_agent.py:236: RuntimeWarning: coroutine 'AsyncMockMixin._execute_mock_call' was never awaited
    return
  Enable tracemalloc to get traceback where the object was allocated.
  See https://docs.pytest.org/en/stable/how-to/capture-warnings.html#resource-warnings for more info.

tests/test_agent_pool.py::TestPoolScaling::test_scale_up_on_ready_tasks
  C:\Users\yangfan\AppData\Local\Programs\Python\Python310\lib\site-packages\_pytest\stash.py:108: RuntimeWarning: coroutine 'AsyncMockMixin._execute_mock_call' was never awaited
    del self._storage[key]
  Enable tracemalloc to get traceback where the object was allocated.
  See https://docs.pytest.org/en/stable/how-to/capture-warnings.html#resource-warnings for more info.

-- Docs: https://docs.pytest.org/en/stable/how-to/capture-warnings.html
=========================== short test summary info ===========================
FAILED tests/e2e/test_openclaw_key_paths.py::test_e2e_html_502_error_surfaces_to_dialog
FAILED tests/test_agent_loop_channel_commands.py::test_channel_tools_show_command_returns_runtime_status
FAILED tests/test_agent_loop_channel_commands.py::test_channel_policy_show_command_returns_policy_snapshot
FAILED tests/test_agent_loop_inbound_metadata.py::test_agent_loop_injects_inbound_metadata_note_and_records_trajectory
FAILED tests/test_agent_loop_iteration_finalize.py::test_agent_loop_builds_final_response_after_iteration_limit
FAILED tests/test_agent_loop_iteration_finalize.py::test_agent_loop_blocks_when_tool_calls_exceed_turn_limit
FAILED tests/test_agent_loop_iteration_finalize.py::test_agent_loop_parallel_tool_execution_respects_config_limit
FAILED tests/test_agent_loop_language_policy.py::test_agent_loop_llm_error_uses_chinese_for_chinese_input
FAILED tests/test_agent_loop_language_policy.py::test_agent_loop_llm_error_uses_english_for_english_input
FAILED tests/test_agent_loop_language_policy.py::test_agent_loop_persona_runtime_guard_can_rewrite
FAILED tests/test_agent_loop_memory_persistence.py::test_agent_loop_persists_turn_via_callback
FAILED tests/test_agent_loop_provider_agents_defaults.py::test_get_tool_governance_limits_prefers_provider_agents_max_concurrent
FAILED tests/test_agent_loop_provider_agents_defaults.py::test_get_tool_governance_limits_ignores_invalid_provider_agents_value
FAILED tests/test_device_auth.py::test_validate_satellite_node_auth_success
FAILED tests/test_device_auth.py::test_validate_satellite_node_auth_rejects_invalid_token
FAILED tests/test_evolution.py::test_publish_gate_blocks_missing_personality_name
FAILED tests/test_golden_paths.py::test_golden_path_device_observe_and_screenshot
FAILED tests/test_golden_paths.py::test_golden_path_device_hidden_capability_returns_stable_code
FAILED tests/test_memory_recall_regression.py::test_memory_recall_regression_endpoint_block_mode_updates_release_gate
FAILED tests/test_orchestrator_sleep_wake.py::test_admin_api_orchestrator_sleep_wake_endpoints
FAILED tests/test_security_regressions.py::test_agent_loop_applies_group_policy_to_definitions
FAILED tests/test_security_regressions.py::test_agent_loop_records_basic_trajectory
FAILED tests/test_security_regressions.py::test_agent_loop_normalizes_string_tool_arguments
FAILED tests/test_security_regressions.py::test_agent_loop_non_owner_cannot_execute_privileged_tool
FAILED tests/test_security_regressions.py::test_agent_loop_parallel_tool_errors_do_not_break_response
FAILED tests/test_security_regressions.py::test_agent_loop_tool_timeout_returns_error_and_recovers
FAILED tests/test_security_regressions.py::test_agent_loop_retries_llm_exception_and_recovers
FAILED tests/test_security_regressions.py::test_agent_loop_returns_readable_message_when_llm_retries_exhausted
FAILED tests/test_security_regressions.py::test_agent_loop_llm_retry_budget_exhausted
FAILED tests/test_security_regressions.py::test_agent_loop_release_gate_blocks_standard_tools
FAILED tests/test_security_regressions.py::test_agent_loop_release_gate_allows_safe_tools
FAILED tests/test_security_regressions.py::test_observability_metrics_endpoint
FAILED tests/test_security_regressions.py::test_tool_governance_health_endpoint
FAILED tests/test_security_regressions.py::test_tool_governance_slo_endpoint_and_export
FAILED tests/test_stream_tool_calls.py::test_agent_loop_emits_tool_call_stream_events
FAILED tests/test_stream_tool_calls.py::test_agent_loop_fake_tool_call_guard_retries
FAILED tests/test_tool_base.py::TestTool::test_requires_confirmation_default
FAILED tests/test_tool_batching.py::test_loop_execute_tool_calls_with_batching
FAILED tests/test_tool_batching.py::test_tool_batching_observability_endpoint
FAILED tests/test_tool_call_resilience.py::test_tool_call_timeout_retries - A...
FAILED tests/test_tool_call_resilience.py::test_tool_call_retry_budget_exhaustion
FAILED tests/test_tool_call_resilience.py::test_tool_call_error_result_appends_recovery_template
FAILED tests/test_tool_call_resilience.py::test_tool_call_hook_blocks_repeated_identical_calls
FAILED tests/test_tool_call_resilience.py::test_parallel_tool_lanes_isolate_device_calls
FAILED tests/test_tool_registry.py::TestToolRegistry::test_execute_injects_nested_access_context
FAILED tests/test_workflow_graph_api.py::test_workflow_graph_crud_and_run - a...
FAILED tests/test_workflow_graph_api.py::test_workflow_graph_dag_fanout_merge
FAILED tests/test_workflow_graph_api.py::test_workflow_graph_retry_success - ...
FAILED tests/test_workflow_graph_api.py::test_workflow_graph_timeout_continue
FAILED tests/test_workflow_graph_api.py::test_workflow_graph_timeout_fallback_output
FAILED tests/test_workflow_graph_api.py::test_workflow_graph_observability_metrics_include_workflow
FAILED tests/test_workflow_graph_api.py::test_flowise_import_three_common_flows_and_run
FAILED tests/test_workflow_graph_api.py::test_flowise_export_and_import_roundtrip
53 failed, 1150 passed, 1 skipped, 3 warnings in 52.94s
